// Jest Snapshot v1, https://goo.gl/fbAQLP

exports[`Renders properly 1`] = `
<AthleteDetailHeader
  athlete={
    Object {
      "bio": "Arianna Fontana OMRI (born April 14, 1990) is an Italian short track speed skater, who has won eight Olympic medals, among these a gold in the 500m short track at the 2018 Winter Olympics in Pyeongchang. Her medal haul following the 2018 Games made her the female short track skater with the most Olympic medals, and tied her with male skaters Apolo Ohno and Viktor An. It also made her the Italian sportswoman with the second highest number of Winter Olympic medals, behind Stefania Belmondo. She specialises in the 500 m event. She is nicknamed La Freccia Bionda (The Blonde Arrow).

Biography
=======
Fontana started skating at the age of four, following in the footsteps of her brother Alessandro, initially on roller skates before switching to ice skating. She first trained in Lanzada until the rink there closed, when she switched her training base to Bormio.

Fontana made her international championship debut at the 2006 European Short Track Speed Skating Championships in Krynica-ZdrÃ³j, where she took the overall silver medal. At the 2006 Winter Olympics in Turin, she won bronze in the 3000 m relay. She placed 11th in the 500m and 6th in the 1000 m. The relay medal was the first for Italy in short track speed skating: at 15 years of age, Fontana became the youngest Italian to win a Winter Olympic medal. Following the 2006 Games, Fontana and her relay team-mates were appointed Knights of the Order of Merit of the Italian Republic.

At the 2010 Winter Olympics in Vancouver, she won a bronze medal in the 500 metre event, was eliminated in the semifinals of the 1500 metre event, and was eliminated in the quarterfinals of the 1000 metre event. Her 500m bronze made her the first Italian to take an individual Olympic medal in short track.

Fontano began dating Italian-American skater Anthony Lobello Jr. in 2012: the couple were engaged the following year and married in May 2014 in Colico. The couple split their time between homes in Valtellina, Courmayeur and Tallahassee, Florida.

At the 2014 Winter Olympics in Sochi, she was upgraded from a bronze to a silver medal in the 500 m event after colliding with British skater Elise Christie. Christie was disqualified after causing a crash in the final. She won a bronze medal in the 1500 m event and in the Team-event, and was disqualified in the 1000 m event. Following the Games, Lobello began coaching Fontana following his retirement from competition. The following year Fontana took her first title at the World Short Track Speed Skating Championships, winning the gold in the 1500m and taking the overall silver.

In October 2017, Fontana was named as Italy's flag bearer for the opening ceremony of the 2018 Winter Olympics in PyeongChang, South Korea. She was the first short track skater to be selected as flag bearer for the Italian Olympic team and the second flag bearer from the Italian Ice Sports Federation, after Carolina Kostner. She won her first Olympic gold medal there, in the 500 m event.She was the first European to win a 500 m Olympic gold. She also won silver in the team event and bronze in the 1000 m event, becoming the woman with most medals in the sport. It also meant that she had won Olympic medals at every contested distance.",
      "dateOfBirth": "14/04/1990",
      "height": 164,
      "id": 1,
      "name": "Arianna",
      "photo": Object {
        "id": 1,
        "mimeType": "image/jpg",
        "photo": "/9j/4AAQSkZJRgABAQAAAQABAAD/2wBDAAgGBgcGBQgHBwcJCQgKDBQNDAsLDBkSEw8UHRofHh0aHBwgJC4nICIsIxwcKDcpLDAxNDQ0Hyc5PTgyPC4zNDL/2wBDAQ8QEBUSFSkXFylXOjE6V1dXV1dXV1dXV1dXV1dXV1dXV1dXV1dXV1dXV1dXV1dXV1dXV1dXV1dXV1dXV1dXV1f/wgARCAEsASwDAREAAhEBAxEB/8QAHAAAAQUBAQEAAAAAAAAAAAAABQECAwQGBwAI/8QAGgEAAwEBAQEAAAAAAAAAAAAAAAECAwQFBv/aAAwDAQACEAMQAAAA5X6GKgoeZ4FDwKHmeSRip+C/FaTKi2VTS6zGpmpRoFYiKtHPt88tvMLSAgIhAQaCRNA8DkOCS0oeBWeBReBQ8Hg8HgsZ1p+bXZ5sGMeyNE6DwiQW07SGhnwxPTnmurONiIQEEiaA0FTsSWpcyY7eFF5tRKHgUPB4FBAfL0nHtss6Gp45kQaFFwCSCAWRRS74WmsmGM68s/1ZtBEICDaCIcghFEodmTNdeah4FBWKLw/CUPAqCXJtd5tN4AlPnAVaDaNmiRMolOiaiKWYqa7MYGL9DAdrKAgICIaORMnmF86uS8b2ZKxReBQVngUPB5FzK4/P6LIaRluTKp50KrNsjfpTosNPCsE6ctIY1jLWO9LBjEQgIDUTJlc2Xyq7LxHdioKHmKCgoeDwTIm4dx2Gl5hlM/BaHUQEHh6XQRb8mQKIeRKO21XDLtZPtyB9ObQRNAaFiWXzZfKrcmG7slYoKHgUFEoeHYzdXzeqgMhFb6K0zLycgrTVOlxNvcEFEogFoMMLiiZSayeix/pc7QaCIaO1LMZMvnVqXhO/FQUPA4XmKHgVFjk2zHJtdl9Rz1LAUTshIBm4sUsjNchaMzMyUAKPfXFJkKBFGT9LmGapENBAtwzWVls6syYLvxUFErFBQ8CieOLzOrLZvcRpuYskBEdkJWrzVipiHzyawhD5VhFVm4aL3I6WylkuzHP9maA1CBehmsqLZ1Zl8/78FBWKCtKHgULEUK8vqCo38aauNCiLo7jUrUwTUlFXT48mNUIK2hKXT7gAneRmOiMl6XO0Gh4d/Nm8bLQ55fPvQwUFErFBQ8ChaysH5fSLZ0GNdTFmkXW7LUglZILwRpglXKiaikokPpdGqaQX0h+iwnrcsVDUKMjmzmNlM6nRzz0MFaUFBQUXgUCeGoLzOkOzpM3tJsgnOE9J7TU5WphQzVRPFp8/UoIlKIaQZqZE4rWS9PmGay1nkFM6N42VzcqfO/R51BQUTg8xQUDXLqL8zqzdnTFV2KIARTJUOBAkCy1KlEOtJzZPFCmlFWtdcV2Wms92ZDOrKlRE0Tyo5lZPNyp859HnUFErFBQUFA5zaR+X1hWzVN8sUFJVrQ2aLbK4gQwgFRFBVUYRAcVel1WVBScEPRnH0RRqadKwmSzohm5E+c+lzeBzFBQUSgrDvPqX8nrzhREYWlJedmbERrtRbgXOE8wxlRK50E3fGDUjIYDSesQn0qSc+2ZDaK1FZpQnl2Jbg5/6GCNeDzPC8zwvDKZVrvH7M0aapOkUoWWroPDQtAJdQdelWvIbF+ipXObCqLRyityITI6yZ2zaDAQHg9HgzHVmjPAjSAjEE1jkafzOqhN3jQ8VaEgDUWKks5CxdwYQQ5O+BeWBqMM0Rc1JNQLPDI3JrpxlG5D0PByPAN1XgQPNeBA8xokC7zahM7vGukV22DpYGZ1FF9yBmiYyFJUV0xqAbjG3IwWtlT50Jos0r3fzXJLc1YklQ4aCioUPAoeDzPAgeBkmZltz30062ZoDJUc6xkrKkgINfRdCsAmVnHITTPOzXQCaOVV6HNh/R5daSRzq3DlQ4PAyhwKDgUFBUeYqGBUZkOfbQ4b2cr90Z5BmVCGgkHV5M4r0jXhBUhDVTXDHFGUa7Ch9Fd1yjq59frPUJV+SRNweCpacDgeDgchwKNwrNZP15cJ5vqWMuiwNGR0xVhknUSmIy7YQd4IETOB2uOGY1V2HFhhh6rmHTzupHaXX0iSaIUAvRm9DweN6HBdiienLbvnHIB83XkuHvJc3SRh5LSekb4E9UxgNvnis7IXTqgxodcWqy5w29nVsaGzec0XPujGRpwFGdlcuEo8x2YPB43oeh4ynB3E1yZ7XBfP9EtjpnwpKtJnVbO2SSbZ5jvKdE7jqeL5b04W6QYL0hyVlzSYelzUcXld4we2L2PBifQd89PUuRnO3BwKDgULmd9M8v0MbEz8t1Yu1KW5oFUstLkXAnTa3Hdhb2p+aBEcJ7ecja8jZ5Oxm6Guemw6oc3BnadLH9HFmp1yimBGv6c9N0YSp1NslBWKi4ls+TrPcfVheV1MavJkHLEBqAKq1nck1TpHug1eudiVzXox5vtnRzZG117Oqc0YNCs2MlC86p6+hJVAcu66Xi9PIveh4p7r5XJzXKgoaHPPpPB2E8eymjHc91JLqPJZyS6AqXmaGTVhPZ7rW3KJfO3fzQS9tnWtL2MAh05N6AEbCFNW/TadWekKrUH1/PQdHn6Ht5fBYcqMrMdK4dSPN6L1QeR2WlsUQ6ZS3z5LPzRuXq4wJprUzvouzm00vDaQS2jdxSgLTtygtW5VSSzK0wzhY9yo8ae/nQa8MTm5a1XdxoOw5sJb/AJ8NLwe04daXTzp01jouvybU1pbVNzwzHdyejSY1H9OekGeZ0HTKy5QETpoaPNNuSyg+P1jSqZnTqiRk9KQdm51ndyIFhrQ4TteD0Sc35OJFfK3zfI7z1Ea6lO44c1Ry0ylLjvT5Nddu4W3ZmFBXmmIGhCkx0BFy9xg9c4E2iaFqiKRIc2gR0Wv7+N9KwKPLXQcHZu4ZKWHll8qgbqNTKmg2SiqClXqAl+bO+o8a65z5NKziFQRkKWJQGc5rab1zWTrIqQ6sMq1InMz2i1noctm4skqDM9LPn9u1y0KZsihAiTlHWHXTmFmm+KaYCrz1Q+yFaNN44XnmE+MVGeKK6KJFnRStVJdaQjolALjVDN2AKaGs9Dlv652CVG0cMXY83u6rz6WEeQgD1WdVC2U3MKvQhyXbjzYRgXuLApJ0zzLdolovBCixSry4gIWvAoTMgRThsmtn6HJd0j2ekEWKiwGNaLDTs+GhYciKqbR22VCmkjisI8OW689U0hRVY8LND2nMahQQGhNQW0mdloLk3UbZUX6iZlnXOzrkO5umFHs4qZ0UijmHZsEtCqnagRl0+f0hlxKwinz68FomBrWgYLRFLdskBiJqHiexzHimQSmdPE6CPQxj6QPV5VylYZVR0Lj4OlT6HNp9/AdHl3OeNbFlpo2ISq+dLzrtD6ylYS1UlKrm9EjVtZXVU8akZNvNZHgmYoKDmKCA4NZhydWyq9Hu81vfH9Xl19OclOfb+HilPp+LvqxXZ4M0Pp/LsYlkpYdVhqgM1z3TKdk7LeiuWjuTOoxuqG4u1oT6S9kgICgrTxqzwKCC6px+bs851te7xDP6Dn3p/LbLn4+14Xg4+t5F0eXS6OCJFuH1fl208NqBieOpcN1yeBPRQSy+k6NFyXlrVDNlN06l4CSdlFoUTB9KVMfSeCB0Dl4OhYc+lr6XiK9bD+h85uuTzu3R18Yx+z5f6PykYpmq6ZBHduHecB01z/WOO1mgXaWl6EL56IazZAdDbIR6ZUGAUk7TjWOpRUXZeS1nO2nh4OrcXl9BnYZH1PHd88v0+T//xAAwEAACAgIBBAEDAwUAAgMBAAABAgMEAAURBhITIRQHIjFBUWEQFSMkMhYXMzRiUv/aAAgBAQABCQDOM495xnGcZxnH9OM4zjACTxlOj5X+8U9BBOOVNfR1IyFkhkrw1u4l2kVDypSVy4L5RSKTjseLv7e2Wu2vikANedf7jU5WSK9DS2gPcN5078Mu6F42Vu1lZf68ZxhwjCM4wITghJz45zjOMAzjOM4zjOM4zjOM4yGP2BxqNJatdv2R6yHX0v8ANPasSCbgYZ+8/wDyeGfkvHJUlsJKoZaliCY9vYs1ytGTkN6O2h4MdgxqPC0sMN6FmizZU54lLjNtqkdTNVDLwThHBzjCM4/oRhGKvJyOLnI4Of0+N/HGcZxnGcZxnGcZxhQgc4RkcZeQKBrKUEfMk7ay07wBaq72+PKqxva2DAkyNBeZj5GNaRLUQeCwjwNOsN1PgyQhWLVbTxghwyRToHGLbaCXixkfeZBJHnZ8iNiE3NDwEW4F3eqCp86urDkA5xhGEZxnGEZGPeQJzxkMOeDOM4zjOMAzjOM4zjByM4B/SqiVk73EVl5540XNeYYKgGXaocSsM2QK3HdsisSFu7jWXpVcd2VGivVeHWGva18jCo0aJIvlriFCV74zJAlqLxkU2lqt4JMDeRY3U3IVmjaZFu1RrrLRONrrjr7JUYRnGEYR/QjIl95WX8ZAnOCMcZxnGcZxnGcZxnGcZx++QRBuJCs9kl+1DRftYFRX3L10ATI7ZswFmG41jmV27bNeSMehFZsxSDxHpvqCOWZIZzFCtmMOjR1j6ZCsQLNLFE0ST11likcfIVh2UZCeY2wsa8rctuKEduB6jZZq/OovVlDxsjsjgjOMIwjCMhX3lZfxldfQwD1nGcZxnGcZxgGcZxkMYkb7hPMsUBk4V5GPCNVaCLk2Jq1mOc8JHUovJGGXJ9W08JjZV6Ury93kTZ9HRjn40d6nZ1tjh4uieqPmKKc8kdlHQtwJe5gyNNKa5azDjWEeJbUZJjBSaNu8WYOWBX5Vd67ZuIfG0WzQdRUvHOltARhGEYRnGQLy2Vl/GV19DAPX4AzjOMAzjBnGDg/nAnceBkcYbhVbYTpJOVQvYXs4izTaq1sHD9ut0kcPZ3ZWgjj9KqKrfkJFGW54ioROwYjd9NUdhUcPB1JobXSmxjvUhrd0l/X171Z4dgkykDDd7z6k/uAoWlKHXW/M7Vu4SeIrMotcK6zRZcjjmd4uZIPma+1QlVkKkg4VIPBwjOM4yuPYyqv4yBfQwA8fjjOM4zjOM4zjOMAPPrO4VoGlOW5jNIU509NthsYkIqV44kWOJYU4IyFPXOKvAyEcsecpxKV5JeJBz76j00U0bxtFSil6V6jfWTPLakgs8kyW2l7ZAZplnV43zX7B14D5QcXazIMaU15WjbJlZQ8S5tgK+xrXVXcVzV2MqDDhGEZx7ysvsZVX8ZAvrAvrOM4zjOM4zjOMAJPAESgSr3ZuZPDSC4gMkg4zpqssUCuMrpzkK/d6yIj8YB+uL9re8ruOPZ7wSO1rEYlQg51n00uwp/atK01yJ4psjmKExNkhEsfPM0zxhLnHSdxVnSIy76Ls5sKokaSMqDsKq3NPPGg3IFnX1bXHGcZxnHJyqv4ysv4yBfQwD1nGcZxnGcZx/TjKaK1lS+dUsU8Cc1gGYBc0i8V4gBTbk+8i57hkXPP4X8fj8gHiPj88hyPeLLyeAbcUdiMo46s1Eup2h2US2uJEWdTWsHllYzARqJ+NNcfX3vhM1iwLVNZ1EUpjsR92RHwTMrDYVfEmxpAMOGPGHCMA95VX8ZWX8ZCvrOM4/oBgGces4zjOMqKQDxnV6n5C8ZrkAVSw1aH/ABjKkRBXIIvQ9JF6/EcfJ5J7OAQQvC+u3gn0MKnn0WTnN9rVuVX5WSrNrppazqY/FMpQ05e4CM5chavJGyZ03dW5q4o2NrlbbekIlrBwb6KbdeY5PEYZnjbOMIxR7yov4ysvrIV9YFwD+nGAZxgGcYBmui75IxnU8JaxIxEK/wCxFEM0VRpn5Aq0gEGRwlV4xB/CEAcYSCAODwTkXBP5K+uRjJ795LFz+nVGk5IsRJah8YORSEqHDWY12FMNGOi7JNZ0zYr22+45SkCN2c7OP/WkC5uYT89pVBXj8gjEH3ZUX8ZWX8ZEvrO3OMGcYBnGcZxgGaVSexueoYe4E8UYS+yU8a62tWARoB1A1ZR3Gr1TWePuLV9/Vl9cpOrjlSHP45EgJ45Vu0g8xSjj3hMY9kyNEf1nghkjK51Rojr5XljD/wCs3cgq3vC6jnp6yibmwii3/mClcP8AhmVhj8SFG4t1PIFByaiR+klVlOLGyt7FRfxlZfxkS+s4wDAM4/bOM4zjOM4zSRdzxjjeVu6MgDU1e4VftitRVrLGZV6mhsFkqa+/dquxKayDqF4JQiS6TrKJm7JjW2EdpQY2aTsX7sm2McC9xa/1bDAp8c//AJrZLcRzVN1srqgxxR3J4lPcdhalmqlHh2lNaUyyItnW+QE1z07sHh30KTY6eWp6y9GXo+YKJC9XvUNGr22AEtPnn1LSH/8ALUPu/ENTt/SvERka8DOMAwDOM4zjOM4wLz6zQENbYc7OiHMTcaiBvjRtxsenJbUCES1ujbNicxiT/wBazzOvjs2Pp8y65sPR+z8Jmqr0LVsrCYrWT0eISTnVUN/yFKoTp7ZWELywHTpXRp55avUOqjles1SptrBjElK3Nt1mo+WNrgFvVeRh45Kzc8XahrbpLNY0JFn14cEHuozxnNfICWhYhQk1UjHgB/SSrz+jVPf4WsB+kcPGLHnYc+Ic+Kw/T4rft8dv28Dft4W/bxN+3jb9tK3hvxjnYp2pCQddHJGlqExwQrZpeMl2s0W7XjG1c8AVInuz8BKfx7ECcyvpoRHMSBYb/X5ISNTaD9u2EE7CO9XVqFmu1RI5ekdXaEjivb6OhS2kyzTa+SeKSuI5aAXXWVUAds7oc3GvJpfLRekrfn1saPkKBGkjbFkMexbJOO5PY9jCoOGIH9BCMEWCPOzPhfwaX8fB/j4P8Gj/APk0f4NH/wDJo/xBU8diN+3YMz0q8yC4ixR2Owaxz4kGQoHX3i1Y+PSOVgH2iwTJ7Y6pB3E5ZUGqwGRg9x9NVitwcSrf6Vim5Jrr01dgb/BsK+imZl+XKa6RxdiiNFmNiAjbAxRi4h1Zh2dNo2GkSTVbWxRkxgDY5U2mMezi4IbuiVsjlBRcDA4BzgXAnOdmdmfF/j4v8fF/j4v8fF/j4o/b4n8fE/gVeDzwwMlKSI5ZtNLW9DUTcoMruAvPPl+0Hm9eStE0jtBLtLivbOakFyOM2LlUC58uSOY9kNC1BajLwup5HshQR7yYhTxlqXgfnRP59uFYXT4rtysW0M767YRw876qEmpbNAzk1hl2PtNWXIW7o2yOx+BkUvOIecUYoztwjPGM8Q/bxD9vEP28I/bwj9vAP28H8fH/AIePsBOfC75Zww1s7ROBzBY9AjGn4jJOBW2lt5mw9UU6Vl9XYk1Wyj8ayI2z2kJALSJfqQVeXkluz1rjbeuKOwjsxq4JnU8+5JAVJy/IFQnnQWD/AHetwet4hT2d2xxZ5hnjlRtU0fUXS9iAZWmMlYdxvNzQjORsIppBzr+pqlm/JUlau3IGRYn4wHAc5wMMBznORnr+vAzgZIgZeDhqrxLwqDhQRmtYTxj3spQsa0YDHV8dLwQjqzpRtxCk9Y6zqq909I+v2MWx6l2O8siOjFpOjtzsbCSbKaDXx19YKrijcbV7GTXSNFeDLx3PbAU/dsrw8bkHp8dtmjJn1PKu8kXNiSX+2LOT9N95JF1FHFM+wpCjsbCAPH31LC4z8MkhM783pm56c6xnpn493NdbgvVUsV5AcDYGzuwT/wAif+RN/Im/kTYJsEozyjBJyeBkdSWQckSQ163+SR9tXjpbeVa5pQSFI5YXaNqE0k0mDewQnlzLv6cvBLbbU6XqhYluWNLptFqI/FFPFbqCICFpZYyPz1RrRerCxUbU7mWevyyybJpG7BkiO1SaRzq2WG1Q9fVMAvrw2OskiTQh9V3Vb6SoN9ILlKleGQckt72E4rappSZVCzej285ouorejsLJE+l3VXd0hZrN3Z5M8mLaH7iz/Is/yLP8iz/Isj96lee2O6NYtZGp/wA0iiGAdsSbXf0dUALlq9d6gtVWt061vzrPHYmt63cTJB2IZdpJZlKzrs+i6k9oWI7mh0WlmgRGrnpDQyazwina6H0b0I4YY9p0nXhvRxUtnturNponZHs9LdRXeoIfMKtrVRQNYuhatELEZnG7nStrWQZQt+be66IH6jr5NvrnfNYTLVmmlym5kliXPIH6O1Dk0eVkLNnVsrVtQ6IWYsPuxfYwJ3KffT29saXYpLE1XYw3qcdmBjOP3E3rBa9/kWv5Fv8AkW/5Fv8AkW+f1tC9pr0eyq4m1sTU5rkUVHqPbdVF1o5DQqvu461Vdpd85VYxsNeVhPbmrrHtR2fxLFEZHWQA9qlFtQyMILkex/vf9oI6f3s/UnW/UOuNCRpdH1HJuKtyS/pfpc93Yixs5hXrVqyQQRbT6itdumotaTrMv2c0dttpdhGjhenGFvc1WjP1JrSW2mjhXUdM7JqLcRf+Nza+QTu+ylSp0ppIUyA8TPnXXqCNBjKcTkjEY9xw+pA2dFbBvjPXJNr3+RZ9fkE/vyf3DH9w7fuJG/fWJJb2lWuotwQvJNA4hkudObSdIHlmFKqyIKA8VduMVxJIZXJHcHEuWrEcDSyukW0msOJZ3WwH4Tmy4DiOMWLngcRR503frWtFIki2n8silsTgRAcdYX/7f0rdnJ2FYSQ9wepZElKJ+bdxY6Tqj/T2Mnalxn1Ek8+0kRZNRvG0lOJJ59fs13mqM71OqYuBQqjIvQDE3tNqtuxTZNJ9IJLC+Whs950FtenF7rMkx8LENgkLNnSEhi+9sksEP+Un+0e+M4wDAMo6y5snK1YNJ0NepXq921ZljMcvbJkk6Nsrt7s2E7o8NNW/+GCOCPK9RrDLVhyeMUIilp/hG9QnmmDTdswhXI7XY4QFLQHe3JkDyN250xLPFFNHG0Y7PuYry4959T9i82xq6pX2DmKuQTVnlqOhcqhntxpn01qAzTyMuy0m13Fx5Z62v6Y1xIMr1Kqmy8UY6gAbYSqMsDxTlANvVay6hLmo3/U3T0RirSx2JNjt2mvtc09KaJ2nr7XRpCzGoKnFSSrAjMeTiyFRxgzjBnTvTh2TC1azXUUqiPtjAAGbHwJVaSbF6bSR4pI7NboexFee09+LplorRlmsWVuQSutKDb6/Z3bkUJgs1pZVSrXzcVadON1EXmMcDNys5ih/NdXkmhpwjR69q9kKCKTKRyLtmDWUpbMxv27Oy2Fi/M0Gpv7qykFClr/ovu9kEk209f6fdP6ONO2DXxitrvsivqfIGAFaQRlkGnTwQT2WG/fnZOy5Ym/3QXMmxiM5WRZrWtLGOO5cuzVrsZlMu0WxB3sdtuxYIhqLrkDx+8/TPWAZxmj07bSzzIKMQjgVjEkpVe5sjto5VWO7kaxdirgxTiuv4W3GUV1ae7GFIORzwF+JBaq1bdKaGGa7Fs9ZAZLD25PFqprdoPKDKI0NeGS1PxBFp6UOrKSWBTvKs0bM0l9BEzk9SRbfqtBqtRDpfpNp6BSXZyVasNKuIasLjn0Mu1lknjXHi4jRFN5FWYd+TzpHUKDL1j4tWCqmX5PJZeWV7/UMQaaRWgticgE/DrpVnlsvNZVuwOZZJZhw7AAZr3IsLGDxnGDKdSW7aSvENTQQrHWjEMZ/6bH7VHGNErcSFan+1ZknfLFeNmB7+qtwenI4p4Wbqbd2aganqKm76ojj8cqV931ExK+HZWizD+5bHc3722tR16tY6MVLUVWSWfqDT6CBqVefW3ppbTXJrFbbVUAaY6vYN1LbEdVKdeOvAkcSsOVAOLGSeBk/EZ+wKokmMvFqVQPWbKaR58rVmmmV2HVPWuo0Dyq7bLqTYba+123IZo52+5hPMqAJINgFP3ou0gP5VLMMvHa/HvNeUivxPISM4zjNRNSo1ljEurEckPbksjD0M7k7Q6vdmMVOUg69PFUGFGLZ19Jt+oerotLpKvT3RtfWMs0+DWQMefBBroYx9sMuvrsQWrXKEMpKyQ9RdEvsKrRUdhb6J3NXn7Nf0lvNjIwg1+g+nCL2TXp9VqINdrI4oIqrF3xVUEHJJREOJDJaJXsAMhVVGLBLN97ZtbFGtZUPZ6z68t2bkuq009ap5FlLkVlMgQZYpJEO9Ggl5IILLDOvdG7a+WTt7Vl1ditakg5inli+yZapEvPeIW8kEb/0AyWBZByDqOr5KqrUuJWvwWK6M0zT1IAhcvYe1YMYEEPEQXLNlE5igFPXxVVZY4pCif8AA80xHotPYK/4zb2lmlGXliTrbVz2DEL46noyAE2NxY095msf3SpADrI0gfR0jP2lgF4TgKsRX7lxpO7k8yIZB6FuSKknkmk3f1J0WkTt77n1H2XUFiOtWzcbpqAmqw2IYGZeGMUSx+1EIRU7Y0dF8paU2Kyt96CtJ4Z+HwbPxTRGPPPG0TzOYrC31tmtCgMcyqW1x7tdDnH9ZIg5Vgdf1BsNPMPI1HqGrZpn4ra5AIwzYS0iFeUhWNeQGdpW7EMUCgdxyzbr1gSZV2EDL7KW4GHAfqPozQb+B2nqdS9JbDpW39zLclVPWdO/UKTWSdl2Lp3rfSbGrG0JXqLUn1/cX6g1USEttH3tXtBrr1N9RaXTqNFNL1H1vvOoZ18lkw+eVRlNpqMTpXaWONOxVyEcKBhI9cYzrXq8DK8Mk7F+Ia0QHpZaccqFZBc1EkTd0DeR4m4dIQ0haRn7y7xkppT3amE5xnGDGkjT/p5LdMr2STdMVor28KRvAAoA48v6KDGX9sxCxrzlu1MVKxZcpWplZqkUXT/VNSHud7m96k1UbNd6U1v1Dp25DFIJLNfaUZEV+tNfU1u4hFdJISR3KFszIysktbrbqWooWLcf+w+rJCEG3XrXawRMUtyyTyyPLPJWXuYd5QwRABTJKOOBn5bkkMFXkmXYxK/auRR+Q+aQx8RoASZTz9i984b7kUCX0cnpIw4dP7EznurOFmrsYrEWnTt1Ff8Ao9oL6AksCQEMbFc+2ElmUQyEtJ0FuWpbuRpzX2CWLIiBUjtAAJ9emngM49zR0YQwLAogHvLDoPSrFZWM8A7XXa3aROtuntujjr0kt6fY9QVdiuzaW9ZqtJLynbZjAHeP6RwySAlEjrMM71hPLsbcBXjx+SD/AKWYWmX7u/50x/4Qi7YHGV9e6yA8xVewDlu1R+RUjrSyGKzLY189MCO9FJWdRzhLjhWjreMgdplijsL2TJUEdeskCgcEfkyMw5Myw2LUwjhN7pva9ih68XSNiUcEUumJtY4tzDXXpIbyvDJBuPGwLyV50miDBuPWT3a9ZC0ku56012vi7jb331JvxeCSnCn1N3LnkJF9RtyJS8gH1MYqRLQ3eyk2uyluvXWuvx1lVjRW2e8g6GNXBM11lsRVo5oZoEPsrFrIG4aSI0YIz6h+FE3tojWr88CBYYox/wA+Ev8AkdqxjgYo5POduLNIECEazapU5ilKX7WkSGxsINr0ilXUx73px9pqOIfk0hHcZeAMhspL/wAESgfglF45J6a6dNPXRzNkOtr6HTSTzR3drYs2XmMm86g+ckkZm0t2OexH3YsXMZDZqbqxR+Jx8jyp2odxTrx1JJZm2FhbO0sTRvb5apnr94z9w7XQKygqwPAIGO0lVSIT0jrJN291PlbDor4NPZXJL8r+2Y58wN2qQlhpnRBjtz+ss3vsXI4z+XwD9k7GI9kRoDgfgcAck5wx/TjOidukNh9PdzoMHp6exp2k3HQMU8rWNVJu+iBWssLMGw09ig3+VVsTovHOlqnZbupVzQV/kbaI8fUC/wCGhWpq3Uuy+JrHRHhQtExbNfbelOOc1F+G/QWWNoY1IHGJWWePtY7MXK7DzK/QlObZWZ5H6j6Oi1unszwWB+cigDnkMPJG3oRWg3ogVYrUBIXo6OWvs5Egi6yvX9nVj2dylOCImY4eTycqcAMxPa8v4EdcL74BRRzneSftHaSOSQoJ4GKg/f0P0P4zgn8Z2nke+jd1LttbJHZOs2dijYjVJN5Wht6W1HMuyjWfWWUkzv8AXvPp7EGuXLZHScI+JNZ4692nyuoZYg/UNlbe1MCkOvHAyUAnkZq91PqrQkjbRbOttaqz1nrkAfi1GpX/AJmoxzGskedfxx0umrn3Yj8MOSeJUBVuHjccCpeIjVJl6eurrJbmzSG1uNluNfOuxp3SAFXADzxkMaxwqM7v2whm/XUauK6LVi1P8vpwt2DS2ukJqt2YzW4tBVvHxajb09devTNDTp3dHttdCZrWtH3H3n4HoE/tn06gZad6wc1FY2trXj46uvCj05ZbnqC18fUSqDwf0H0596q42dLgDQQkZ1Axbb25CXYszMSpIYeyAeOclUAZp9nb1dgWKkutsvZoV53Fhj4+cV2Vq5B+qcjGpFDyfyf6axv92OMhoI2jK9jf/W8vECGGvDLFLI0rlTNZsOZLzxtjDgr7454GfhcLHk5ob8lS8tcIvQum6Y012/rxpOoL/U9Gym4fpLp3WG1Wmng3CRbvpGW1LD0Ce3rOhAMi9xIcHsDD6IzouNY+lKpUdIxq1mzIR9Rp381CDnqyRjPWi5ldg3AP/8QALhEAAgIBAwMDAwQBBQAAAAAAAAECEQMQITEEEiAwQVETMmEFIkBxFCMzQoHw/9oACAEDAQE/APVSs7RL0KHH+UkJehXhKPuv5CViVehXlONbr+PCPv6/JJU/RXqRVs40rWvQesla9FepjW1614Vo/RmvfzXqJW61SKKKKGiiitVqtJK1/DxL30W4vFssTGvRkqfihepFUtIryevI14PwyLyXpx3Z7CEL0ENDWj8GTVrxQvThyewhC9FDWrHqx7eCF6cD2EIXk/F6NDW3hNVLVCF6eMXGiK9Ky70sei0mtytUL04ci0RaO5CaK8KHRtqnpZwLkZIooor1IciGJbDiOLIprkqtUWSlR3iaZWrQ9GPWivCiiiivCPJEfAtK051oX4HBM7BLRqqGWMYh+hRRRRRRRQkQFwLwenvpRbL1mP4HoxEl6FaUUUUUUURZdC8HQ+BLxWk+B8aJjESWw+S/XQ2RYih/BSGhIoXwNFaz4EJj2Yxcj4JR/hREN0WMUq5O74Lfg9J8MRdDFwe+rXlfoWSzRj+TJmlLY6eX1MaYh7na2drHEplaJ14S40WkRktl6FlllllnbNq0ieacXVUSm3yJSk6RDo295sxYViVRErHBDx27H3I+pJO7PqSuxZX7jkqFuhFiJPWxckif2+D0ssssssssm3FJL2Orx/WqcOTD0t/cRgoqkVvQ2KVF2JFEoRe59KK5HGCR2p7vR5H7H1PwfUO69tFFjgRW4zJ9q8ZFl+FlmPeSRLdkFuJewvk4WiQti9GSg+7YUUhu2TdIQxIQ9y5w3huvghKUuUR+dPoSyQuPsO06ZjxTyfarGmnT0ybFl+LaXJ0+OXcpvZDTOEJbHLGxLayxMTExMbS3Y3emR+wtUKDYoJcnCEmLg6RftZm6SGV2+TDCMF2onihP7lZ1fRQhFzhsS3T8pTrg6bp1Fd8+dEdo7uzcUWMWllit7Im99G6G7EhRYopcj51l8HsJbGBVFHB3drRkywxx7pujquslnfatokvGcu1HS4e7/UnwXuUR2ZyUJDT9jqMMssHHgw4+txSUXutEK29iLWOLfuU2xImm9kdiXJ/WqVlC2I7uxukQyqMk3wRcWlRLNhxq5y3MvXyf2KiU5Tdyd6S48JOlbMOOXUZPwbJUuNE60QvyKFkcbPpoyuMV2o/Aou0mfVxxjUefkuyjZIk714GLgsfwOSjsOTejnJqrKK1lvF+DxTzNRXBDHHFHtjol4SbvYTdHc17jk376RbXDJvuTbI9bik6exFdytcCXbwWNa2cssbocn7Del63qxqnWuPI4f0KSataLfWyxaf2JJlfB2sz/AKdCcu66MOJYYKC9hjLHr3x9txybLG/BaV4ZPu8MeRwZGSkrXlYk2UymdilySi4jVilKPG5/kRX3KhZsb9xzh8jzQ9tzuk+dhxTdvS/KyxPwy/d4KLZGM4u0Qk2vFFscpHf8oi4y4JxtUyqSvV44v2PpQ+BJLjzrwrSy9Mn3PRY/kUUuBaQq68bLENCSfJ1WaWGPclZjzLMu5ejRRsX4Ra4kSxSW/K/A01yMTJx7naKejaW7Fmg+GPLfBjT7rei0YtHPtPqfgWX5Q8kWtxKK+1Voyxi0ssvyaGpf8WY8/c3F7Mw9Q4Op7x+DqehSj9TDx8FFa55ucu1cHT9PxBcs/wALDGO6/wCx5ccW1CJGV6MQmXbJ8fxepxtrvjyjB1Kmu2XJ03XfSj2SVol02DqU5Y3T/wDexm6fJgdS0yS7ItnTR7sl/B+nY7m5/B1+XsxdvuxidbidlidCaekuPCixDFo/U6nGoSte5hzShJL2MEnHImjqYqWGSfxp1cqikdHH9rkdDj7MKfydfl78rXxtqnQnei0lx4tCGLzrSivDrHukYI92RI6PH35kvjc6/J2YWvnbTrfuR0n+0jH+3Eq+Btttvwut9EMnxqy9PcYvNC0Xh1LvIzoVu2fpkV+6R+qSffGOn//EACsRAAICAQQCAgEEAgMBAAAAAAABAhEQAxIhMSBBMFFhBBMiMkJxFCNAUv/aAAgBAgEBPwD5ZSoeoObeX4qVdENS+Pksv5ZSolO+hixZebLLss09X0/iY2X8knSJztl4vxvHWLxo6l/xfwMY2X8mtPmkN4YsXhl55R2I6NLU3rzYx/JqS2obt+Fl+PeVnTnslYnavyYx/GzXlbrHA2XmzvzQsfp52tvkxj+OctqbO8NlllliwnfA+BMsYneHjSltn5MY/j/US/xw3XlFFDRdoeF4dY0nuin4sY/iZqyuWJeSz0PPZHusMXJ+ml68WMfxajqI+8MfwM9VlH5wyJoyqfixj+LV6F2MY/i7wxMT9ZT9idq/CQx/Fr9HvDGvkZdMXeGI0JXBeEhj+LX6Z7w/joaOxoXWJCNCVJoUiyxj+PX/AKs9nsZRRXlzmhoTNouR9CNJ0KQpG4bG/j11/EZHsvkUixl+K5No+MtEZWLhn4EQZZZY2N53FllllllmrzEkLsfZRzhiGspm4bLFzeKH2LsZHNll53G43G43G43G4lK0aiplcjxR14MWKKxHMhDIMrzss3G4s3G43G41URV+DYrEMYsVmPYhklwIZDsrgaH5WWWWWWWWS5Qo8DLHJI7LaE/Y3j8l+Ee8ND6PY+iHZGSaoY//AAPsnKhNzZ0JjjfKEvsYxeEe8Vh9noh2ITvhj48KKKKKKKKKKFBsjBI1v+vUcSSTIpJFoTQvwUNeUe/CS5Eaa5yn9jWKKNptNptNptG4p0xRTViSQ2krZP8AVRX9eTW1XqvklKSFqyI/qJJU0RlCXQoo2r0bX9ii32SVF4oihYZIRpLl+EX6Ztooo2m02m02m0277NDUem3CfRq66jwuyc3N2xy4sSJRs2pDr0OL7TNHXlF7ZdFv0Kzok7I6MfZ/x/yPQr2PTa5FiyQjS78Y8o2m3NFFGpUYNi4Ndql9jbJf/I+X/rEmxq2UdEY8cmjJuJ12SdkFckTXBF2iT4NR8UR4KUv7EqXTJdY0ml2UNqPZZZo9CiOPi5JdmtrxlFxRaJvdKxvm/oXCtkVS5HLmkLnljGhrnGk6TRYzQj7J9CbTOzUfJdDbeH0S7EuBTnEbt8ltEJtuiCqlhrwnKuEaurbpZcU/Z+0qSsen+Rwk+zbQ+FRyyiuT8mmuLwlbIxpUSJM3MfgxrkTotEhJyfBCCh/sh4ylRrTrhZk+CyyxNCaRqft9+xfY+h0inqNJdCpKhmmknbHNvrwXg1Yo4WnKXojor/ISS4WId14N0as9iv2e7eZd4a+iWooum2PVh6sesvVlznzVIiqj/Ic01wLRnJ3LoUVFUsKNi8GLNFCoSo3m9G5PGnSkm/DU1VF8kpOTt5vKSrk2r2PTg/QoRXSKJaUH2iEFHpeK84qxREhxoTOGOOEyInazqaSnz7JRadMaxJ8YrwaOVhMU2+Dvy74Rta7OhIjEoX4KJITpkpXhMTNP+q8NTTWoicJRdMZ2V4WWWW0Jpik0NxfZ+230bJL0bZfRsfsdehNpUhRNhXObpCTYkhpMlp/R1hKjS/ovDckScJKmasdj4686RtGmhCdlYU5fZvkd9lEUcIvLkhK+X4uKZ+19HK7NJfwWHP6G2xok6NVtrNYorwik+xL68OxI6NyLRuNzP5MUBLH+h/cRSTE7ENJkJJKst12OcX7G16HBtcleDwo2LT/I9L6Z+2xJrsceLIxsemkiCJ9iNqNqNqEsrFIlF+hNS46Y1f4Zp6/O2ZYmXjUnudCaR+5KzY2uWTjteWxrCwmJ3h2uhOhyb4Fwhu2R5fx60P8AJG/d32ShbsjqyhwyE4z6LZOW2LYiTNKNysSJR3KmSi4unhrFifOKOiMrNtk1RFWyXCxpr3ivi1YKL4Ex9Gm2pLGvLhIiSfJpR/jhkoqSpkouPeWR7zVnRGddmp9keGaj9YiqWW6Kl9imbq7Q2kKSfhrvlIXZJ0jRjc0Wa/aI9D/sLheDSkqY1ToY+jTWYPkaTWNq2EEuyffjLo3OXZJbeiUmLhk/6+Gr/dkTUP0y4bx//8QAQRAAAQMCBAMEBgkCBQQDAAAAAQACEQMhEjFBUQRhcRMigaEQMkKRscEFICNAUmLR4fAUkjAzU3LxBiRDsoKiwv/aAAgBAQAKPwD/ABRhGZOQVR8Z4KQa1Cm6ZD6gJQJyBFrdFE+yDdPLdsMhQ/aLKnVZGbIkeCdQeNHn5oVmTMizvdkUWVWiCYgidD/CoYTIIu39kWuHn95knQJuEQWzYN8NfFHtHZXjyTaVIZHFn0RMZRp8ypbmcIn36oEA2LSPMKXRm04Ht6bp3F0xF7NrN90A+KD49ZhEPaObU2pSOdJ5kRuDmESGnLKpTPI/IrtabrTFjyI0Ks25pbI8wcx91sdfRMoBozcfgm0aQyeW3dzhOe4Nu6NVDcomSVgpzYzJKLKgOos7kRp1Q4Wrq9rZaecfMFCpTcJa8X81iEWeLkfqEDUHtNF1hLjLKoNndf1WCoBHIj5j/kbKKw9ZmeIfNSyftG7fsj2Z9cD2T91soXf1xez+6m9mnIcyg+o4RI1K+09USMkcLRYL9k50m+SFRgzxC7PmF2lEmX8JUdaN2lOLB61Jx71M/wA1UNNjvOxUPz8d0RhyJMgD9D5ItIydN2u2KBJkVaZGe6x8FxAOHbp1RNN5lh+63JsD8V3W68904tOZ3WYEGF38V13SfJQEZGuiFKsLYwZB5EaoYhtmOY5Ls+IZkQPW/bksFVo+1oey5u4PwOmqvJwuIgg8/mFFembj4hYg6wJ+CJka6hYW1BjpH8L9lFeiYB1BChzTBHP7n3RcmYUF9mgbJ1zYBYqguAy4CAB0gIRtzWdwp3CqTEp7YJguBCBrNsCfmjOTwNOalwu1wPkjgzrUxcj8w/lwpc0SQPab+y7tTvQN/wBV32Z/qoqs71MzkdFGI4K7Ro7+fBfZ1bE8/uMHdAygAbcyFFOnbEfkiKf/ALItpg2JFvcgSOSA6IIA8kExwI7wIWKgHSCPZ/K7lzRio27ZyOoPMIB+RbzO3XTmgKzWktJ/8rdiNwv+1r5A+w7ZQW99p5K2Tgj3e82NRqh2XGMJHJ4/kqKtE25Qrj7jdXAt0H7qKbTePaOy+yaQXfog1rQIA+rmrc0HU6gIIImRsnHgeIk03bbfooGUjIhQ+QZnJ2/Q5LCysbzkx/6HJEVuHMOvdzP58F3oCOFsPbP4TYjwKuw9pSO8aKafEMDXnmoB7zeYP3C6tMkSgJIb8z5qwz6q7nC/1jHJOMfi0U7RosFamS+k8ZtcsNan3Hg5h0Z+Kk5RvuFIIhx32PX5ompROCuBm9p9rxHmEH0nDADyzHksRpGSAM25OHzQ7SgQ5v5mlDGwdozqNlLy3A48x9x7je8egVz3j4qwzO5UbK/1LbhEFErrZWIzX2bjg4lo20criz48ihbPY/8APxWKk0FtVg1Yc/1ROA4qTx7Tc2n4oQ9oDo52n4FAObNNw25KWn4FWpuFan0P3H1rKzRBVpVgFmIPptlZSFI1GynZGyCxDCQ4bjVSGE4dnM2UtcJaTqDmD/M1JiwOo1COPhzjp/mpz3m+GY8UTLXU5Hl8l64DiOY/hR5dFZzTQf00+Kuwlp8PuFsQ/nkrSoAIUgBCVf036egdD9SQMxGiPZkzP4Tv03QDmm5mwIyPu/VYazDiZydt0Kh1J2EtOYUBhlvSZ+asCR7l32kOE8iu7UGMeP3D/wAkeRV8SOEkQVH4nE5pobmL5rE7ZpFkWnTZT6LhCy8fTLTmFi4d5kR7O6x0nD+39l3D6p//ACVHajH4hXcNTshNTP8A3BWd3V3mDCfuERVab/7XK+K3W6IADyeswhDb4tk/imgw55DWsB5uMBMp1RmeF4lhd4gG6qA/6VZsHw3RYcroOnZXCEBNBCLweRM9FUaN3d0eamcwLoluZBCAoVcgMmoifZ0PJOmcOI5xsV6h+Ku2HW3i6uDiVngPH3AjDhIHl81cVHT0woQDUA96Y2k/13EXg6J7uFp+w7us9wum0HMe6X0iO+05g7WXaVMZcKRdIDdIOhsqzXszp1xDvAixRxg5Tl6C9uUAJ+P8/da3qVxnGYDBZwhFKmDoMRuV9J0atMkPdR4svNOLXBEFD6RogSWFuGs3fkTyshDhaTBzyhEYKpHUFF7Paj2SNRyRgPFVoBy1I+KhrmSeivdvTVflXtFhnP7hGO3z+S9ab88KDaVCu6HbzcQrFuSc9oyeGG4VV2ndYUGT+N0nyQDiMgVclSFJlF7W5DEQFSdTIjA10I0atQQ+o1wBf4wnMsBiY6DbKd4Qc1w71aS0P5wBn7lhtiMqMLzA2socw4agGvNXaMB/nSESIPjE/JGAYKHrBwP3D1XAqC0yoBaDKi3oahPJSgotf0Axk7ZSdH0nFjh7lxjR+GoZhOrRoX28QgBGUKSabhHPZFxEMqADMXAJ8kC2q2IBtf8AdSAcTJ5fsR7lGIG24KBFSmD0P8BUkWV4H3CzYN9jZAl1MseOhzWXpkgKnT4dptTzcQs9FnonPa3MhawQcwV7/RfkjKu51Rt9bFQAS2DuHSPeCR4ouaajmtBMSJ8iEYa7BUO7T/Cu80ESOSye5nhMj4laT9xsQWnonAAOewg6rNWhWTv6Sgf73foEKVYw5mIQ1wOgOUoJreuqY0m9yp4QuwVcPtD8SBBEhSvD0Z13BYWl2fXCUMVSp2lLk6AIv7l9oxtm6jbzChxaCQcwcj5q9Mh0+MFWd3h0XZVmvLRJs7ofuOYcCPBZIDxQPEVBc/hbqVAAgDdBvGUhhDXZPbt1VWaZiPaby5hVnbBol3lkqtOiDekHkudy5JuDDBboOSIDL0ydW+mYBsjJql0KDVpsdMbER+iv/TFrGuEkvNo9y7vFNwPJyLt/fCIYXlzejrx4ElZNd8ZViyPKVnUJBHVdrRHquPrBB9NwzGnI/wCKSdgsDeeaAOWJxsj/AE1UdrTaQQWg6e+UQHOh3VOc957zuWiMDVBjzkSbFN4euww2tSuY2PJMNPXBm48ymBukKyji6BxUyNdx0Ra9pLXtObSMwVdWwmF7YA56I3DmkRm0A36ym/ZVGUpnPCDf3lQWvDx/PHyUHiKIcY3IxfqpDm5eCsynHjcKxWSJYfXYTZw5qCLPpnNp/wAKWD1nAg4eozTnEaZBAHYC5TWVHerRYMdR3RouqH0ZQmG1OMHaV6h5MGXiVWr8WG9nWm7XOmZA06BCMUiyDqb2xEfouJpkHFge7Gz9lRdUHDtGFwkhup96ptlstewkEHcEKpRe2JqNqnESqlB72EspF8udESQDnE3VHiGNqPpt/MWm+WqdSax0F5bLXdCmsFaMVoBIESu9UMM6IAuIAUNb9o6NgSsNOlTqPg6ht/hKvUfjcTpDgQfIqMRAgjwCDsqZJ8QvVt5qHOeW+4ypINitPQYycw5OGymnUEjly/wLoPY0Btak7J4sC0/yxT6/BUqLnUntA7RhGbH3kkZZaapv0d9HU/8AO4vDie7kwZTz0RDOG71avUdifVqn8Tjo0eEoijTbgoj5/NS8MLn8pyTXNwF5awy6AYg6Nk7pgljXAtEWItc3J0OSiG9/mdEXUwIa4G4VWn2Tfs6D8JDgPZBIkHb3JlJmNoc+nT7N8za/UaLjK/FsY5xqCoS+m0C+E7EInhWuxGmDOOb3P8lNoUKbYDWiAAFSp8Mx57OZl7QbEoCGgNwVLeYRY1hnDOKfFOLxDX20gZIOe2iGt70QSROfK3iqbGVsIaahBGEH9kyoW3GBsXTsJqk+7/lZvj3rOqXeX7/V7puOR/wC4vqtBA2m6a6m+Q62iBD4aGzIqE+rI3H8zTMTO+4NAAdUdcAAaDPwCL3GS4/iJ/U+QX2VISeZV/8AMrHYn1W+ATWMnE5jO62YsA0a3zTnincSczoByCl3tHnqpcc+QRIZa3tOP8jwVN1Rjuzc0Mkv1BKDJbgwNzI2JGnJBrR7IyRY+q0Uacbut8JWW5mCsm4XTuF3n2C1gTtr8k9pBFPGxxaQYMj3/BYGBlqmAuY52ge0XB5t8U6liOFhcwtDxqRK7lOmCY/ESodIy3iFVpAQWVaR9TeRqFipPuw1KdiOoXC1Wu9UUqnf/tN0Q4Zg5+iA55aPd9d1QD1nZNHUqkx1M4xRaCXG2p0WF2koupUqpp0GE+u+YPnAQfxDnTUcNXnM9BpyAUudnz0J+XvQ7je0qE+QPjfwVN3fl78dnOnUpzQ61MT5o4aVgfxO3UkC6l8+f7KQ207lQ2rULj4DNYnblW2UNoN7WqATGM5DwHxUlxRFOp7J+K7ocCfBHsqYDDIviNyn8Mx9Q1A6qMNjJMe8e5O4io2wY2zT/wDL9EIpgU2NGTeiuwhreggBe3KfQIGQbIK4f6Q4YSRSqZt5jVVHcVVcSce+yZEXdF08TBYx18Q5IEUoxOGrjn9Ys4MGwGdU8uXNBmEdxjRDaY6b81KsPV3nkngUy5zW4BGI5E9JPvVOo4tIbNMggnMoOYSAA1kQBkL+PvTG0cADjIc6qTn0iwG6c3hA4CpVttyQYym2S99mjYdSnP4llDHTIAIByOLqZUkD3lS7IRqTmUXVHESOZ0WJpfAOhEZoSh2dFhe8kxloia1d5e4xvoq/F1Z9Wkwug89Fw/0YwG4c7tapH+1th4lVuO4hpvV4l+FtvyBMpNIOFlJgaAiXnIuugLTnCJIJzzJyCzAkD3lSMIPPJSybHUJjaxEBptfqseF8iUGUjaToFFJow4iLlXBz+qRw1MjG4WxHRo5/BBtJndpUgIFvkEXOJusL3ZDddxnecFLmjvAZxyCa5jhYgoQgRuEWl8ECYuEW8LTBc8Ou3kOqivXg4TmNGt8Bn4qzBJPP/j4p1Q08mjfT9fBA8U8nvYru5D5lYTi0TQAJnZHsy4O4jiHnDSpgZAu1drAkp/0jUERTM06Q8Bd3vAVLh6LR3adJgY0eA9EuJQAyuUZJgRkEMREKH+u87bJlOg2zqjnRitcN3UMe/BTnMNGqGI3jfmEBXNT7OXXidkarm65BQ3RoyHos4j6neeczk0ak8gsPDULkmxduepUCIa38I0XuTmx7SxSYaTsMk5p0LRkgTVqhjqTnYQ6c3DYhcGxpALa1TiDU94AA819G8VBu97HNd0sV9HMM59m90D33Xb12XbQENaxxyho1POVWeGvFEODCAapzJ2j90XVahLZpiRMZl3U5eapVuIBwuDHhwc4ZlzhZU6tWMLW4hDRsEymAZl7wAnM+j6ZmpVIjtI0HLmg1rRaBAHRX3KkZ3Qk3koC0Ac9VF5BUNJlFzWXjRx0CH0j9JG3YUnd1h/M75BS67adMWZTBtDR0T5GgNk/A0QAMwFVfGpTmoT6O4DJP1GP4/iRiqNBtQp6YjkN4zyRNOcRLhBqHeNBsFDfig8GxcNDsdlcNsJ1yV4UocS3hG/buLRga934nZCBCc+s6HGiyo7sWO5A+tfdUyZv3AFTbefVC4Z7gZBdSaTO8xmhczIJXFcMXB0MxksJOfMTCo1QNGPg+aqta0w+pUGBrfE5+CBIMlrBJ95sEGtABIWakTBkZISbGNlOGYJXfN+iJ2nJNfUccLWMM4jsP10TqXB0m4a1WmYNR2oB0GnvRc90Oc4rLPqsLs4ORUboAjULG55AaG5uJyTe3pOLajJ9UhEOHiiBos2j0kOFxexPMJ2IW7QHRBjQA0giANjOk81hws+0pgT2njkRz0UUpyzvsgsT9XDIJtNrnF7g0es43JO5RlZJpOk2TmsGb4kD3Kk6o27gHiyZbIh1wgyo4/wCVY4idB4rEzNwBydqOShjDfmrQraAaKJzAU7ymsGk2Qr8QZEDlvsn4Xm1KkSxk8zmUa3Fuaf6riALNH+mwaCYk5nooxHE86kqALDqg+qbu2HUrE7yHQLAT/wDZEA5yhTNIkioBcn9tOqBBF3a56IMp0WB01ngvaPai1/kmGfwOxBZAjz+oWvaZa4ZhGtSjA5r74m9UGsjKILTsFiI15rCOShu6hg13WSaJ3zKA5myE9VTp1jftqDQx4O9s/FOr8E8/Z8QyYPJw0Ka9uzxPmn1KZGEvacRHWfW+PNPYQLin3x7rO94VJh2eC0+YXCxsHz5BOqF1g+oOzZ53PgEOJ4+JbwtA4QBu92g8zsuxp1WyaVEYQ1ugnMohjQGtB8z70KXaNhzwO8RsFJPecd9kPFdJ1TWC8ncysLSczn4Bd78RzQcDuFI/Cc1hIvEWndWnEZN3HkmswtAho2Wrvj9Ro6lMg80/sWd95Fg4be9ACLAZBSUTymyCj8xNgq/FcUbNfiwU2ncuNvcvovjawExUe9pnaYhcU2k0wavDHtW+8SqnDuyw1rEplRr2wQSE2jUr0g+tw7RApvyMDQGCYV9QntLci10ELiS0CAKhFQD+4FVGz/pUqdM+8NCc+s8GXF5e6dySnl9Uy4uMl3VRaE0O3JupJVycysljdoAsbyThByHRXRnkvBQ78JzQe06ELARk1+R8U6nVFsLhnzG6zBPn6JRbOxRgboufoxpv47I4KjADGTYKA7uIwgoPJPaPygBF5Gr3T+y0Q6+ihWH52AnwOYVXhWNjFRqNxtHMGZjldDiaz2yKgOYy8OikgSeSz9BcBmQgXZzNgmVHcjMItO7TCeHfmEpjvG/oIb7lLlJ9D6GIdyphlrT+YZ4eYy5pwpETT4mmMbI3DhYtQqN0fTOIeScRvEH91DvwmxQeOYuEcDBAJPocPAfoqrnHINzK4gg6Gp+iFP8AIwYnFdm2mCRTJ9bqnYA2IOysh6AAMzsqbpyDXSSqfZPcZLnybaEaLh2jmZVF7D7Isg7cYgZ96HD0j3WU6eTAg4xOLMFODXCTdovuBsjEixtPKVRx0qYaHNpNa4tGWPCO865ueSYQcpaNFTAJgOyBO1viukCU2OYVMRrCk7KB6SmvZo2q0OA6TkuIoUn+s7g6zmEc8E4XeIXC/wDUH/T9fKq+g3tGDk4AOa7xhO+k/oGuwVX8LUON9Jh9pk3MajMLtKMYjTN7bhY27OPzV9WmxCKIQ/q64xGRcA5BMc5rMdVxzcdvkqfD59yk0BrR80+rTBgAwB1sgCRgdyOh6IGEbGxQM6SqlBrWlxqNqwBzunPpuqHA5wgluhheqQUUQsUZ8lbUaI4HGSNuiZSFGmKpDhLnXIgJjaXAtYXU6gh7y7D3bWviELDsNl3WjCB5qGjMBQi48lfYeiAr/Va/hOLsxr7gP26H4rF9F1nmrwxeb0XH1mHkcwUyjilxoO9SfynToqnCVnmQ5t2O+S7k92o3I/oUx/N4v5KWufLo0aLldyl3z4ZKDWeXu/2t/cj3KalY4AdhqvWyUgWvsp9lw1BV0W7FM4ig09zFcg9EadGo8ltFgjCTn4SnP7NuItcNJ9HQRmiCgTsUWO0M2lCrVdwr3Cnl2jmlrg2dJT+BqcbxJc7hJnAGsAbP9sq+UBWO65LC3crx3V1H1ohZarHW4Yhpec3tIsTzTjSc4B1MmRc6bJpaKZcCdCBYqW9m4ydCBIPons6YptOxJv5BXe/AOgXcoNFIfE+ZU06IwnadUByV1LDZ7Dk4KYgPYT3mHn6BIuFhlhxHcgqS6ngE6yQPQcKvoVfaJXiAv6p9GiG0qTTbvmC4xcNEX6hcOzhGU+2ZxFJrm9m/2W3JDsWVrnPRWzN1mrm59Jo8FwdMVK72NxPMmGtaNyfBcc1hyqjjpqf24cJPKFT4f6MYynVbxvEtLQ5tRstaGi5fn3RsVR4viT6vDVKTqD6nJmKzjymVxFeqz1202E4P934fGFxFKiLGrhxNHVzZA8fqd19RrB4C/wAVLQ7E7oLqH1R2TOp/aVDqv2Y8c/JeSuarf/VZueT/AHFd41qh81d5LnHcz9Q03tHgRsRqE0PqUmvIbkCRotFk+Peu4+rcdBPpDmPMEFACJEaLvCellUZUd3sTHFpBysQq9cgAt7WoXYemysIj3ImBP1KdXh+NLeH4ijVBLXsJ5EEEG4INlxH9S2XipUqS4ACcAIAIaTnBB5pvF0a/0pwtN1Ko2WhtU9mQ3VsAAiLg73R4h7vpSrwzTVee42ndpERfcmfBN4ao/h+J+kag4UuY2pWFcslwkhwIGvhC+wrio2tS9mo3AbOGoWYHpvUc9zuZxH9F3msaAdpmfgvs8Lqkc7Bd3CXRzlRZf//Z,",
      },
      "surname": "Fontana",
      "weight": 63,
    }
  }
/>
`;
